module-info.java:4:14: compiler.err.module.not.found: nonexistent
1 error
